{
    "failed_checks": [
        {
            "file": "/Dockerfile",
            "findings": [
                {
                    "resource": "/Dockerfile.",
                    "check_ids": [
                        "CKV_DOCKER_2"
                    ]
                }
            ]
        },
        {
            "file": "/infra/main.tf",
            "findings": [
                {
                    "resource": "azurerm_container_registry.acr",
                    "check_ids": [
                        "CKV_AZURE_139",
                        "CKV_AZURE_164",
                        "CKV_AZURE_165",
                        "CKV_AZURE_166",
                        "CKV_AZURE_167",
                        "CKV_AZURE_233",
                        "CKV_AZURE_237"
                    ]
                },
                {
                    "resource": "azurerm_kubernetes_cluster.aks",
                    "check_ids": [
                        "CKV_AZURE_115",
                        "CKV_AZURE_116",
                        "CKV_AZURE_117",
                        "CKV_AZURE_168",
                        "CKV_AZURE_170",
                        "CKV_AZURE_171",
                        "CKV_AZURE_172",
                        "CKV_AZURE_226",
                        "CKV_AZURE_227",
                        "CKV_AZURE_232",
                        "CKV_AZURE_4",
                        "CKV_AZURE_6"
                    ]
                }
            ]
        },
        {
            "file": "/manifests/blue-deployment.yaml",
            "findings": [
                {
                    "resource": "Deployment.default.python-app-blue",
                    "check_ids": [
                        "CKV_K8S_15",
                        "CKV_K8S_21",
                        "CKV_K8S_38",
                        "CKV_K8S_40",
                        "CKV_K8S_43"
                    ]
                },
                {
                    "resource": "Pod.default.python-app-blue.app-python-app.version-blue",
                    "check_ids": [
                        "CKV2_K8S_6"
                    ]
                }
            ]
        },
        {
            "file": "/manifests/green-deployment.yaml",
            "findings": [
                {
                    "resource": "Deployment.default.python-app-green",
                    "check_ids": [
                        "CKV_K8S_15",
                        "CKV_K8S_21",
                        "CKV_K8S_38",
                        "CKV_K8S_40",
                        "CKV_K8S_43"
                    ]
                },
                {
                    "resource": "Pod.default.python-app-green.app-python-app.version-green",
                    "check_ids": [
                        "CKV2_K8S_6"
                    ]
                }
            ]
        },
        {
            "file": "/manifests/service.yaml",
            "findings": [
                {
                    "resource": "Service.default.python-app-service",
                    "check_ids": [
                        "CKV_K8S_21"
                    ]
                }
            ]
        }
    ]
}